2026-05-16 19:44:55,493 - DOE_R4_Final - INFO - Pesos R4 detectados: 35
2026-05-16 19:45:05,913 - DOE_R4_Final - INFO - Eval OK VISDRONE | N10_H_pH_JS_40_yolo11n_e100_seed0 -> mAP50-95=0.0034
2026-05-16 19:45:13,438 - DOE_R4_Final - INFO - Eval OK VISDRONE | N10_H_pH_JS_40_yolo11n_e100_seed123 -> mAP50-95=0.0032
2026-05-16 19:45:20,272 - DOE_R4_Final - INFO - Eval OK VISDRONE | N10_H_pH_JS_40_yolo11n_e100_seed42 -> mAP50-95=0.0000
2026-05-16 19:45:27,825 - DOE_R4_Final - INFO - Eval OK VISDRONE | N10_H_pH_JS_40_yolo11n_e100_seed7 -> mAP50-95=0.0006
2026-05-16 19:45:35,236 - DOE_R4_Final - INFO - Eval OK VISDRONE | N10_H_pH_JS_40_yolo11n_e100_seed999 -> mAP50-95=0.0040
2026-05-16 19:45:42,804 - DOE_R4_Final - INFO - Eval OK VISDRONE | N11_P_Raw_0_yolo11n_e100_seed0 -> mAP50-95=0.0000
2026-05-16 19:45:49,257 - DOE_R4_Final - INFO - Eval OK VISDRONE | N11_P_Raw_0_yolo11n_e100_seed123 -> mAP50-95=0.0000
2026-05-16 19:45:57,015 - DOE_R4_Final - INFO - Eval OK VISDRONE | N11_P_Raw_0_yolo11n_e100_seed42 -> mAP50-95=0.0000
2026-05-16 19:46:04,040 - DOE_R4_Final - INFO - Eval OK VISDRONE | N11_P_Raw_0_yolo11n_e100_seed7 -> mAP50-95=0.0000
2026-05-16 19:46:11,784 - DOE_R4_Final - INFO - Eval OK VISDRONE | N11_P_Raw_0_yolo11n_e100_seed999 -> mAP50-95=0.0000
2026-05-16 19:46:18,425 - DOE_R4_Final - INFO - Eval OK VISDRONE | N2_B_Raw_0_yolo11n_e100_seed0 -> mAP50-95=0.0003
2026-05-16 19:46:25,436 - DOE_R4_Final - INFO - Eval OK VISDRONE | N2_B_Raw_0_yolo11n_e100_seed123 -> mAP50-95=0.0000
2026-05-16 19:46:32,395 - DOE_R4_Final - INFO - Eval OK VISDRONE | N2_B_Raw_0_yolo11n_e100_seed42 -> mAP50-95=0.0003
2026-05-16 19:46:38,636 - DOE_R4_Final - INFO - Eval OK VISDRONE | N2_B_Raw_0_yolo11n_e100_seed7 -> mAP50-95=0.0000
2026-05-16 19:46:46,385 - DOE_R4_Final - INFO - Eval OK VISDRONE | N2_B_Raw_0_yolo11n_e100_seed999 -> mAP50-95=0.0003
2026-05-16 19:46:52,621 - DOE_R4_Final - INFO - Eval OK VISDRONE | N7_H_pH_JS_0_yolo11n_e100_seed0 -> mAP50-95=0.0002
2026-05-16 19:47:00,396 - DOE_R4_Final - INFO - Eval OK VISDRONE | N7_H_pH_JS_0_yolo11n_e100_seed123 -> mAP50-95=0.0000
2026-05-16 19:47:06,413 - DOE_R4_Final - INFO - Eval OK VISDRONE | N7_H_pH_JS_0_yolo11n_e100_seed42 -> mAP50-95=0.0022
2026-05-16 19:47:13,029 - DOE_R4_Final - INFO - Eval OK VISDRONE | N7_H_pH_JS_0_yolo11n_e100_seed7 -> mAP50-95=0.0005
2026-05-16 19:47:20,192 - DOE_R4_Final - INFO - Eval OK VISDRONE | N7_H_pH_JS_0_yolo11n_e100_seed999 -> mAP50-95=0.0000
2026-05-16 19:47:26,523 - DOE_R4_Final - INFO - Eval OK COCO_TEST | N10_H_pH_JS_40_yolo11n_e100_seed0 -> mAP50-95=0.7754
2026-05-16 19:47:33,796 - DOE_R4_Final - INFO - Eval OK COCO_TEST | N10_H_pH_JS_40_yolo11n_e100_seed123 -> mAP50-95=0.7690
2026-05-16 19:47:39,838 - DOE_R4_Final - INFO - Eval OK COCO_TEST | N10_H_pH_JS_40_yolo11n_e100_seed42 -> mAP50-95=0.7421
2026-05-16 19:47:47,391 - DOE_R4_Final - INFO - Eval OK COCO_TEST | N10_H_pH_JS_40_yolo11n_e100_seed7 -> mAP50-95=0.7818
2026-05-16 19:47:54,053 - DOE_R4_Final - INFO - Eval OK COCO_TEST | N10_H_pH_JS_40_yolo11n_e100_seed999 -> mAP50-95=0.7543
2026-05-16 19:48:01,603 - DOE_R4_Final - INFO - Eval OK COCO_TEST | N11_P_Raw_0_yolo11n_e100_seed0 -> mAP50-95=0.3167
2026-05-16 19:48:08,583 - DOE_R4_Final - INFO - Eval OK COCO_TEST | N11_P_Raw_0_yolo11n_e100_seed123 -> mAP50-95=0.2445
2026-05-16 19:48:14,809 - DOE_R4_Final - INFO - Eval OK COCO_TEST | N11_P_Raw_0_yolo11n_e100_seed42 -> mAP50-95=0.3067
2026-05-16 19:48:22,571 - DOE_R4_Final - INFO - Eval OK COCO_TEST | N11_P_Raw_0_yolo11n_e100_seed7 -> mAP50-95=0.1920
2026-05-16 19:48:29,622 - DOE_R4_Final - INFO - Eval OK COCO_TEST | N11_P_Raw_0_yolo11n_e100_seed999 -> mAP50-95=0.2378
2026-05-16 19:48:37,599 - DOE_R4_Final - INFO - Eval OK COCO_TEST | N2_B_Raw_0_yolo11n_e100_seed0 -> mAP50-95=0.7048
2026-05-16 19:48:44,424 - DOE_R4_Final - INFO - Eval OK COCO_TEST | N2_B_Raw_0_yolo11n_e100_seed123 -> mAP50-95=0.7633
2026-05-16 19:48:53,174 - DOE_R4_Final - INFO - Eval OK COCO_TEST | N2_B_Raw_0_yolo11n_e100_seed42 -> mAP50-95=0.7734
2026-05-16 19:49:00,183 - DOE_R4_Final - INFO - Eval OK COCO_TEST | N2_B_Raw_0_yolo11n_e100_seed7 -> mAP50-95=0.7426
2026-05-16 19:49:08,364 - DOE_R4_Final - INFO - Eval OK COCO_TEST | N2_B_Raw_0_yolo11n_e100_seed999 -> mAP50-95=0.7222
2026-05-16 19:49:15,570 - DOE_R4_Final - INFO - Eval OK COCO_TEST | N7_H_pH_JS_0_yolo11n_e100_seed0 -> mAP50-95=0.7607
2026-05-16 19:49:23,580 - DOE_R4_Final - INFO - Eval OK COCO_TEST | N7_H_pH_JS_0_yolo11n_e100_seed123 -> mAP50-95=0.7834
2026-05-16 19:49:31,369 - DOE_R4_Final - INFO - Eval OK COCO_TEST | N7_H_pH_JS_0_yolo11n_e100_seed42 -> mAP50-95=0.7474
2026-05-16 19:49:38,982 - DOE_R4_Final - INFO - Eval OK COCO_TEST | N7_H_pH_JS_0_yolo11n_e100_seed7 -> mAP50-95=0.7598
2026-05-16 19:49:46,947 - DOE_R4_Final - INFO - Eval OK COCO_TEST | N7_H_pH_JS_0_yolo11n_e100_seed999 -> mAP50-95=0.7877
2026-05-16 19:50:16,408 - DOE_R4_Final - INFO - Eval OK MANIPAL_UAV | N10_H_pH_JS_40_yolo11n_e100_seed0 -> mAP50-95=0.1576
2026-05-16 19:50:45,473 - DOE_R4_Final - INFO - Eval OK MANIPAL_UAV | N10_H_pH_JS_40_yolo11n_e100_seed123 -> mAP50-95=0.1350
2026-05-16 19:51:14,118 - DOE_R4_Final - INFO - Eval OK MANIPAL_UAV | N10_H_pH_JS_40_yolo11n_e100_seed42 -> mAP50-95=0.1345
2026-05-16 19:51:43,039 - DOE_R4_Final - INFO - Eval OK MANIPAL_UAV | N10_H_pH_JS_40_yolo11n_e100_seed7 -> mAP50-95=0.1584
2026-05-16 19:52:12,008 - DOE_R4_Final - INFO - Eval OK MANIPAL_UAV | N10_H_pH_JS_40_yolo11n_e100_seed999 -> mAP50-95=0.1528
2026-05-16 19:52:41,048 - DOE_R4_Final - INFO - Eval OK MANIPAL_UAV | N11_P_Raw_0_yolo11n_e100_seed0 -> mAP50-95=0.1049
2026-05-16 19:53:11,043 - DOE_R4_Final - INFO - Eval OK MANIPAL_UAV | N11_P_Raw_0_yolo11n_e100_seed123 -> mAP50-95=0.1223
2026-05-16 19:53:39,671 - DOE_R4_Final - INFO - Eval OK MANIPAL_UAV | N11_P_Raw_0_yolo11n_e100_seed42 -> mAP50-95=0.0991
2026-05-16 19:54:08,013 - DOE_R4_Final - INFO - Eval OK MANIPAL_UAV | N11_P_Raw_0_yolo11n_e100_seed7 -> mAP50-95=0.1054
2026-05-16 19:54:36,444 - DOE_R4_Final - INFO - Eval OK MANIPAL_UAV | N11_P_Raw_0_yolo11n_e100_seed999 -> mAP50-95=0.0860
2026-05-16 19:55:06,190 - DOE_R4_Final - INFO - Eval OK MANIPAL_UAV | N2_B_Raw_0_yolo11n_e100_seed0 -> mAP50-95=0.0786
2026-05-16 19:55:35,423 - DOE_R4_Final - INFO - Eval OK MANIPAL_UAV | N2_B_Raw_0_yolo11n_e100_seed123 -> mAP50-95=0.0851
2026-05-16 19:56:04,212 - DOE_R4_Final - INFO - Eval OK MANIPAL_UAV | N2_B_Raw_0_yolo11n_e100_seed42 -> mAP50-95=0.0799
2026-05-16 19:56:32,217 - DOE_R4_Final - INFO - Eval OK MANIPAL_UAV | N2_B_Raw_0_yolo11n_e100_seed7 -> mAP50-95=0.0737
2026-05-16 19:57:00,967 - DOE_R4_Final - INFO - Eval OK MANIPAL_UAV | N2_B_Raw_0_yolo11n_e100_seed999 -> mAP50-95=0.0949
2026-05-16 19:57:29,737 - DOE_R4_Final - INFO - Eval OK MANIPAL_UAV | N7_H_pH_JS_0_yolo11n_e100_seed0 -> mAP50-95=0.1354
2026-05-16 19:57:58,601 - DOE_R4_Final - INFO - Eval OK MANIPAL_UAV | N7_H_pH_JS_0_yolo11n_e100_seed123 -> mAP50-95=0.1421
2026-05-16 19:58:27,597 - DOE_R4_Final - INFO - Eval OK MANIPAL_UAV | N7_H_pH_JS_0_yolo11n_e100_seed42 -> mAP50-95=0.1317
2026-05-16 19:58:55,717 - DOE_R4_Final - INFO - Eval OK MANIPAL_UAV | N7_H_pH_JS_0_yolo11n_e100_seed7 -> mAP50-95=0.1620
2026-05-16 19:59:24,166 - DOE_R4_Final - INFO - Eval OK MANIPAL_UAV | N7_H_pH_JS_0_yolo11n_e100_seed999 -> mAP50-95=0.1526
2026-05-16 19:59:31,598 - DOE_R4_Final - INFO - Eval OK IRINA | N10_H_pH_JS_40_yolo11n_e100_seed0 -> mAP50-95=0.6973
2026-05-16 19:59:37,980 - DOE_R4_Final - INFO - Eval OK IRINA | N10_H_pH_JS_40_yolo11n_e100_seed123 -> mAP50-95=0.7337
2026-05-16 19:59:44,183 - DOE_R4_Final - INFO - Eval OK IRINA | N10_H_pH_JS_40_yolo11n_e100_seed42 -> mAP50-95=0.7390
2026-05-16 19:59:51,362 - DOE_R4_Final - INFO - Eval OK IRINA | N10_H_pH_JS_40_yolo11n_e100_seed7 -> mAP50-95=0.7445
2026-05-16 19:59:57,423 - DOE_R4_Final - INFO - Eval OK IRINA | N10_H_pH_JS_40_yolo11n_e100_seed999 -> mAP50-95=0.7193
2026-05-16 20:00:03,758 - DOE_R4_Final - INFO - Eval OK IRINA | N11_P_Raw_0_yolo11n_e100_seed0 -> mAP50-95=0.5155
2026-05-16 20:00:10,779 - DOE_R4_Final - INFO - Eval OK IRINA | N11_P_Raw_0_yolo11n_e100_seed123 -> mAP50-95=0.5954
2026-05-16 20:00:17,358 - DOE_R4_Final - INFO - Eval OK IRINA | N11_P_Raw_0_yolo11n_e100_seed42 -> mAP50-95=0.5331
2026-05-16 20:00:24,577 - DOE_R4_Final - INFO - Eval OK IRINA | N11_P_Raw_0_yolo11n_e100_seed7 -> mAP50-95=0.5421
2026-05-16 20:00:30,781 - DOE_R4_Final - INFO - Eval OK IRINA | N11_P_Raw_0_yolo11n_e100_seed999 -> mAP50-95=0.5665
2026-05-16 20:00:37,951 - DOE_R4_Final - INFO - Eval OK IRINA | N2_B_Raw_0_yolo11n_e100_seed0 -> mAP50-95=0.6979
2026-05-16 20:00:44,162 - DOE_R4_Final - INFO - Eval OK IRINA | N2_B_Raw_0_yolo11n_e100_seed123 -> mAP50-95=0.7317
2026-05-16 20:00:52,121 - DOE_R4_Final - INFO - Eval OK IRINA | N2_B_Raw_0_yolo11n_e100_seed42 -> mAP50-95=0.6967
2026-05-16 20:00:58,560 - DOE_R4_Final - INFO - Eval OK IRINA | N2_B_Raw_0_yolo11n_e100_seed7 -> mAP50-95=0.7083
2026-05-16 20:01:04,934 - DOE_R4_Final - INFO - Eval OK IRINA | N2_B_Raw_0_yolo11n_e100_seed999 -> mAP50-95=0.7327
2026-05-16 20:01:11,757 - DOE_R4_Final - INFO - Eval OK IRINA | N7_H_pH_JS_0_yolo11n_e100_seed0 -> mAP50-95=0.7211
2026-05-16 20:01:18,188 - DOE_R4_Final - INFO - Eval OK IRINA | N7_H_pH_JS_0_yolo11n_e100_seed123 -> mAP50-95=0.7377
2026-05-16 20:01:25,934 - DOE_R4_Final - INFO - Eval OK IRINA | N7_H_pH_JS_0_yolo11n_e100_seed42 -> mAP50-95=0.7082
2026-05-16 20:01:32,561 - DOE_R4_Final - INFO - Eval OK IRINA | N7_H_pH_JS_0_yolo11n_e100_seed7 -> mAP50-95=0.7417
2026-05-16 20:01:40,752 - DOE_R4_Final - INFO - Eval OK IRINA | N7_H_pH_JS_0_yolo11n_e100_seed999 -> mAP50-95=0.7493
2026-05-16 20:02:11,735 - DOE_R4_Final - INFO - Eval OK NTUT | N10_H_pH_JS_40_yolo11n_e100_seed0 -> mAP50-95=0.0438
2026-05-16 20:02:42,479 - DOE_R4_Final - INFO - Eval OK NTUT | N10_H_pH_JS_40_yolo11n_e100_seed123 -> mAP50-95=0.0466
2026-05-16 20:03:13,096 - DOE_R4_Final - INFO - Eval OK NTUT | N10_H_pH_JS_40_yolo11n_e100_seed42 -> mAP50-95=0.0507
2026-05-16 20:03:43,833 - DOE_R4_Final - INFO - Eval OK NTUT | N10_H_pH_JS_40_yolo11n_e100_seed7 -> mAP50-95=0.0490
2026-05-16 20:04:14,223 - DOE_R4_Final - INFO - Eval OK NTUT | N10_H_pH_JS_40_yolo11n_e100_seed999 -> mAP50-95=0.0522
2026-05-16 20:04:45,225 - DOE_R4_Final - INFO - Eval OK NTUT | N11_P_Raw_0_yolo11n_e100_seed0 -> mAP50-95=0.0462
2026-05-16 20:05:16,004 - DOE_R4_Final - INFO - Eval OK NTUT | N11_P_Raw_0_yolo11n_e100_seed123 -> mAP50-95=0.0454
2026-05-16 20:05:46,817 - DOE_R4_Final - INFO - Eval OK NTUT | N11_P_Raw_0_yolo11n_e100_seed42 -> mAP50-95=0.0524
2026-05-16 20:06:17,648 - DOE_R4_Final - INFO - Eval OK NTUT | N11_P_Raw_0_yolo11n_e100_seed7 -> mAP50-95=0.0458
2026-05-16 20:06:48,604 - DOE_R4_Final - INFO - Eval OK NTUT | N11_P_Raw_0_yolo11n_e100_seed999 -> mAP50-95=0.0563
2026-05-16 20:07:19,172 - DOE_R4_Final - INFO - Eval OK NTUT | N2_B_Raw_0_yolo11n_e100_seed0 -> mAP50-95=0.0272
2026-05-16 20:07:49,816 - DOE_R4_Final - INFO - Eval OK NTUT | N2_B_Raw_0_yolo11n_e100_seed123 -> mAP50-95=0.0247
2026-05-16 20:08:20,534 - DOE_R4_Final - INFO - Eval OK NTUT | N2_B_Raw_0_yolo11n_e100_seed42 -> mAP50-95=0.0250
2026-05-16 20:08:51,178 - DOE_R4_Final - INFO - Eval OK NTUT | N2_B_Raw_0_yolo11n_e100_seed7 -> mAP50-95=0.0270
2026-05-16 20:09:21,922 - DOE_R4_Final - INFO - Eval OK NTUT | N2_B_Raw_0_yolo11n_e100_seed999 -> mAP50-95=0.0253
2026-05-16 20:09:52,125 - DOE_R4_Final - INFO - Eval OK NTUT | N7_H_pH_JS_0_yolo11n_e100_seed0 -> mAP50-95=0.0534
2026-05-16 20:10:22,373 - DOE_R4_Final - INFO - Eval OK NTUT | N7_H_pH_JS_0_yolo11n_e100_seed123 -> mAP50-95=0.0520
2026-05-16 20:10:52,958 - DOE_R4_Final - INFO - Eval OK NTUT | N7_H_pH_JS_0_yolo11n_e100_seed42 -> mAP50-95=0.0560
2026-05-16 20:11:23,332 - DOE_R4_Final - INFO - Eval OK NTUT | N7_H_pH_JS_0_yolo11n_e100_seed7 -> mAP50-95=0.0554
2026-05-16 20:11:54,269 - DOE_R4_Final - INFO - Eval OK NTUT | N7_H_pH_JS_0_yolo11n_e100_seed999 -> mAP50-95=0.0496
2026-05-16 20:12:04,161 - DOE_R4_Final - INFO - Eval OK DOMINIO_DRON | N10_H_pH_JS_40_yolo11n_e100_seed0 -> mAP50-95=0.9652
2026-05-16 20:12:14,539 - DOE_R4_Final - INFO - Eval OK DOMINIO_DRON | N10_H_pH_JS_40_yolo11n_e100_seed123 -> mAP50-95=0.9394
2026-05-16 20:12:25,342 - DOE_R4_Final - INFO - Eval OK DOMINIO_DRON | N10_H_pH_JS_40_yolo11n_e100_seed42 -> mAP50-95=0.9509
2026-05-16 20:12:34,716 - DOE_R4_Final - INFO - Eval OK DOMINIO_DRON | N10_H_pH_JS_40_yolo11n_e100_seed7 -> mAP50-95=0.9400
2026-05-16 20:12:45,316 - DOE_R4_Final - INFO - Eval OK DOMINIO_DRON | N10_H_pH_JS_40_yolo11n_e100_seed999 -> mAP50-95=0.9737
2026-05-16 20:12:55,920 - DOE_R4_Final - INFO - Eval OK DOMINIO_DRON | N11_P_Raw_0_yolo11n_e100_seed0 -> mAP50-95=0.9649
2026-05-16 20:13:04,914 - DOE_R4_Final - INFO - Eval OK DOMINIO_DRON | N11_P_Raw_0_yolo11n_e100_seed123 -> mAP50-95=0.9054
2026-05-16 20:13:15,716 - DOE_R4_Final - INFO - Eval OK DOMINIO_DRON | N11_P_Raw_0_yolo11n_e100_seed42 -> mAP50-95=0.9667
2026-05-16 20:13:26,507 - DOE_R4_Final - INFO - Eval OK DOMINIO_DRON | N11_P_Raw_0_yolo11n_e100_seed7 -> mAP50-95=0.9318
2026-05-16 20:13:36,101 - DOE_R4_Final - INFO - Eval OK DOMINIO_DRON | N11_P_Raw_0_yolo11n_e100_seed999 -> mAP50-95=0.8968
2026-05-16 20:13:46,522 - DOE_R4_Final - INFO - Eval OK DOMINIO_DRON | N2_B_Raw_0_yolo11n_e100_seed0 -> mAP50-95=0.8189
2026-05-16 20:13:57,712 - DOE_R4_Final - INFO - Eval OK DOMINIO_DRON | N2_B_Raw_0_yolo11n_e100_seed123 -> mAP50-95=0.8972
2026-05-16 20:14:08,095 - DOE_R4_Final - INFO - Eval OK DOMINIO_DRON | N2_B_Raw_0_yolo11n_e100_seed42 -> mAP50-95=0.8675
2026-05-16 20:14:17,906 - DOE_R4_Final - INFO - Eval OK DOMINIO_DRON | N2_B_Raw_0_yolo11n_e100_seed7 -> mAP50-95=0.8669
2026-05-16 20:14:29,097 - DOE_R4_Final - INFO - Eval OK DOMINIO_DRON | N2_B_Raw_0_yolo11n_e100_seed999 -> mAP50-95=0.8771
2026-05-16 20:14:39,503 - DOE_R4_Final - INFO - Eval OK DOMINIO_DRON | N7_H_pH_JS_0_yolo11n_e100_seed0 -> mAP50-95=0.9167
2026-05-16 20:14:50,651 - DOE_R4_Final - INFO - Eval OK DOMINIO_DRON | N7_H_pH_JS_0_yolo11n_e100_seed123 -> mAP50-95=0.9409
2026-05-16 20:15:00,518 - DOE_R4_Final - INFO - Eval OK DOMINIO_DRON | N7_H_pH_JS_0_yolo11n_e100_seed42 -> mAP50-95=0.9569
2026-05-16 20:15:10,698 - DOE_R4_Final - INFO - Eval OK DOMINIO_DRON | N7_H_pH_JS_0_yolo11n_e100_seed7 -> mAP50-95=0.9629
2026-05-16 20:15:21,694 - DOE_R4_Final - INFO - Eval OK DOMINIO_DRON | N7_H_pH_JS_0_yolo11n_e100_seed999 -> mAP50-95=0.9539
2026-05-16 20:15:21,797 - DOE_R4_Final - WARNING - Finalistas definidos sin pesos/evaluaciones en R4: ['Z_COCO']
2026-05-16 20:15:32,716 - DOE_R4_Final - INFO - R4 final completado en: C:\Users\User\Documents\JUPYTER_LOCAL\IMAGENES_ENTRENAMIENTO\DETECCION\TESIS_DIC_2025\DCAI_UAV_GITHUB\exports\R4_FINAL
2026-05-17 10:06:31,473 - DOE_R4_Final - INFO - Pesos R4 detectados: 35
