2026-05-16 18:57:03,852 - Interactive_Train - INFO - Default N1 baseline already present: C:\Users\User\Documents\JUPYTER_LOCAL\IMAGENES_ENTRENAMIENTO\DETECCION\TESIS_DIC_2025\DCAI_UAV_GITHUB\runs\train\N1_YOLO11n\weights\best.pt
2026-05-16 18:57:03,854 - Interactive_Train - INFO - 
############################################################
2026-05-16 18:57:03,854 - Interactive_Train - INFO - INICIANDO ESCENARIO 1/13: N10_H_pH_JS_40
2026-05-16 18:57:03,854 - Interactive_Train - INFO - ############################################################
2026-05-16 18:57:03,854 - Interactive_Train - INFO -     Limpiando VRAM de GPU...
2026-05-16 18:57:03,968 - Interactive_Train - INFO -    VRAM Libre: 5.00 GB
2026-05-16 18:57:03,968 - Interactive_Train - INFO - Cargando C:\Users\User\Documents\JUPYTER_LOCAL\IMAGENES_ENTRENAMIENTO\DETECCION\TESIS_DIC_2025\DCAI_UAV_GITHUB\runs\train\N1_YOLO11n\weights\best.pt...
2026-05-16 18:57:51,513 - Interactive_Train - INFO -  Entrenamiento de N10_H_pH_JS_40 finalizado.
2026-05-16 18:57:51,514 - Interactive_Train - INFO - Evaluando en conjunto de TEST...
2026-05-16 18:57:57,449 - Interactive_Train - INFO - Test mAP50-95: 0.1006
2026-05-16 18:57:57,450 - Interactive_Train - INFO -     Limpiando VRAM de GPU...
2026-05-16 18:57:57,740 - Interactive_Train - INFO -    VRAM Libre: 4.80 GB
2026-05-16 18:57:57,740 - Interactive_Train - INFO - ⏳ Enfriando GPU (5 segundos)...
2026-05-16 18:58:02,742 - Interactive_Train - INFO - 
############################################################
2026-05-16 18:58:02,742 - Interactive_Train - INFO - INICIANDO ESCENARIO 2/13: N11_P_Raw_0
2026-05-16 18:58:02,742 - Interactive_Train - INFO - ############################################################
2026-05-16 18:58:02,742 - Interactive_Train - INFO -     Limpiando VRAM de GPU...
2026-05-16 18:58:02,881 - Interactive_Train - INFO -    VRAM Libre: 4.87 GB
2026-05-16 18:58:02,882 - Interactive_Train - INFO - Cargando C:\Users\User\Documents\JUPYTER_LOCAL\IMAGENES_ENTRENAMIENTO\DETECCION\TESIS_DIC_2025\DCAI_UAV_GITHUB\runs\train\N1_YOLO11n\weights\best.pt...
2026-05-16 18:58:33,556 - Interactive_Train - INFO -  Entrenamiento de N11_P_Raw_0 finalizado.
2026-05-16 18:58:33,556 - Interactive_Train - INFO - Evaluando en conjunto de TEST...
2026-05-16 18:58:38,952 - Interactive_Train - INFO - Test mAP50-95: 0.0444
2026-05-16 18:58:38,953 - Interactive_Train - INFO -     Limpiando VRAM de GPU...
2026-05-16 18:58:39,269 - Interactive_Train - INFO -    VRAM Libre: 4.82 GB
2026-05-16 18:58:39,270 - Interactive_Train - INFO - ⏳ Enfriando GPU (5 segundos)...
2026-05-16 18:58:44,271 - Interactive_Train - INFO - 
############################################################
2026-05-16 18:58:44,271 - Interactive_Train - INFO - INICIANDO ESCENARIO 3/13: N12_P_pH_JR_0
2026-05-16 18:58:44,271 - Interactive_Train - INFO - ############################################################
2026-05-16 18:58:44,271 - Interactive_Train - INFO -     Limpiando VRAM de GPU...
2026-05-16 18:58:44,402 - Interactive_Train - INFO -    VRAM Libre: 4.87 GB
2026-05-16 18:58:44,403 - Interactive_Train - INFO - Cargando C:\Users\User\Documents\JUPYTER_LOCAL\IMAGENES_ENTRENAMIENTO\DETECCION\TESIS_DIC_2025\DCAI_UAV_GITHUB\runs\train\N1_YOLO11n\weights\best.pt...
2026-05-16 18:59:14,410 - Interactive_Train - INFO -  Entrenamiento de N12_P_pH_JR_0 finalizado.
2026-05-16 18:59:14,410 - Interactive_Train - INFO - Evaluando en conjunto de TEST...
2026-05-16 18:59:19,910 - Interactive_Train - INFO - Test mAP50-95: 0.0444
2026-05-16 18:59:19,911 - Interactive_Train - INFO -     Limpiando VRAM de GPU...
2026-05-16 18:59:20,205 - Interactive_Train - INFO -    VRAM Libre: 4.82 GB
2026-05-16 18:59:20,206 - Interactive_Train - INFO - ⏳ Enfriando GPU (5 segundos)...
2026-05-16 18:59:25,206 - Interactive_Train - INFO - 
############################################################
2026-05-16 18:59:25,206 - Interactive_Train - INFO - INICIANDO ESCENARIO 4/13: N13_P_pH_JR_15
2026-05-16 18:59:25,206 - Interactive_Train - INFO - ############################################################
2026-05-16 18:59:25,207 - Interactive_Train - INFO -     Limpiando VRAM de GPU...
2026-05-16 18:59:25,352 - Interactive_Train - INFO -    VRAM Libre: 4.87 GB
2026-05-16 18:59:25,352 - Interactive_Train - INFO - Cargando C:\Users\User\Documents\JUPYTER_LOCAL\IMAGENES_ENTRENAMIENTO\DETECCION\TESIS_DIC_2025\DCAI_UAV_GITHUB\runs\train\N1_YOLO11n\weights\best.pt...
2026-05-16 18:59:55,933 - Interactive_Train - INFO -  Entrenamiento de N13_P_pH_JR_15 finalizado.
2026-05-16 18:59:55,933 - Interactive_Train - INFO - Evaluando en conjunto de TEST...
2026-05-16 19:00:01,183 - Interactive_Train - INFO - Test mAP50-95: 0.0448
2026-05-16 19:00:01,184 - Interactive_Train - INFO -     Limpiando VRAM de GPU...
2026-05-16 19:00:01,467 - Interactive_Train - INFO -    VRAM Libre: 4.79 GB
2026-05-16 19:00:01,467 - Interactive_Train - INFO - ⏳ Enfriando GPU (5 segundos)...
2026-05-16 19:00:06,468 - Interactive_Train - INFO - 
############################################################
2026-05-16 19:00:06,468 - Interactive_Train - INFO - INICIANDO ESCENARIO 5/13: N14_P_pH_JR_40
2026-05-16 19:00:06,468 - Interactive_Train - INFO - ############################################################
2026-05-16 19:00:06,468 - Interactive_Train - INFO -     Limpiando VRAM de GPU...
2026-05-16 19:00:06,605 - Interactive_Train - INFO -    VRAM Libre: 4.87 GB
2026-05-16 19:00:06,605 - Interactive_Train - INFO - Cargando C:\Users\User\Documents\JUPYTER_LOCAL\IMAGENES_ENTRENAMIENTO\DETECCION\TESIS_DIC_2025\DCAI_UAV_GITHUB\runs\train\N1_YOLO11n\weights\best.pt...
2026-05-16 19:00:36,190 - Interactive_Train - INFO -  Entrenamiento de N14_P_pH_JR_40 finalizado.
2026-05-16 19:00:36,190 - Interactive_Train - INFO - Evaluando en conjunto de TEST...
2026-05-16 19:00:41,346 - Interactive_Train - INFO - Test mAP50-95: 0.0491
2026-05-16 19:00:41,346 - Interactive_Train - INFO -     Limpiando VRAM de GPU...
2026-05-16 19:00:41,631 - Interactive_Train - INFO -    VRAM Libre: 4.82 GB
2026-05-16 19:00:41,631 - Interactive_Train - INFO - ⏳ Enfriando GPU (5 segundos)...
2026-05-16 19:00:46,632 - Interactive_Train - INFO - 
############################################################
2026-05-16 19:00:46,632 - Interactive_Train - INFO - INICIANDO ESCENARIO 6/13: N2_B_Raw_0
2026-05-16 19:00:46,632 - Interactive_Train - INFO - ############################################################
2026-05-16 19:00:46,632 - Interactive_Train - INFO -     Limpiando VRAM de GPU...
2026-05-16 19:00:46,769 - Interactive_Train - INFO -    VRAM Libre: 4.87 GB
2026-05-16 19:00:46,769 - Interactive_Train - INFO - Cargando C:\Users\User\Documents\JUPYTER_LOCAL\IMAGENES_ENTRENAMIENTO\DETECCION\TESIS_DIC_2025\DCAI_UAV_GITHUB\runs\train\N1_YOLO11n\weights\best.pt...
2026-05-16 19:01:15,236 - Interactive_Train - INFO -  Entrenamiento de N2_B_Raw_0 finalizado.
2026-05-16 19:01:15,236 - Interactive_Train - INFO - Evaluando en conjunto de TEST...
2026-05-16 19:01:20,279 - Interactive_Train - INFO - Test mAP50-95: 0.2630
2026-05-16 19:01:20,280 - Interactive_Train - INFO -     Limpiando VRAM de GPU...
2026-05-16 19:01:20,567 - Interactive_Train - INFO -    VRAM Libre: 4.82 GB
2026-05-16 19:01:20,567 - Interactive_Train - INFO - ⏳ Enfriando GPU (5 segundos)...
2026-05-16 19:01:25,569 - Interactive_Train - INFO - 
############################################################
2026-05-16 19:01:25,569 - Interactive_Train - INFO - INICIANDO ESCENARIO 7/13: N3_H_Raw_0
2026-05-16 19:01:25,570 - Interactive_Train - INFO - ############################################################
2026-05-16 19:01:25,570 - Interactive_Train - INFO -     Limpiando VRAM de GPU...
2026-05-16 19:01:25,705 - Interactive_Train - INFO -    VRAM Libre: 4.87 GB
2026-05-16 19:01:25,706 - Interactive_Train - INFO - Cargando C:\Users\User\Documents\JUPYTER_LOCAL\IMAGENES_ENTRENAMIENTO\DETECCION\TESIS_DIC_2025\DCAI_UAV_GITHUB\runs\train\N1_YOLO11n\weights\best.pt...
2026-05-16 19:01:55,083 - Interactive_Train - INFO -  Entrenamiento de N3_H_Raw_0 finalizado.
2026-05-16 19:01:55,083 - Interactive_Train - INFO - Evaluando en conjunto de TEST...
2026-05-16 19:02:00,028 - Interactive_Train - INFO - Test mAP50-95: 0.1006
2026-05-16 19:02:00,029 - Interactive_Train - INFO -     Limpiando VRAM de GPU...
2026-05-16 19:02:00,306 - Interactive_Train - INFO -    VRAM Libre: 4.82 GB
2026-05-16 19:02:00,306 - Interactive_Train - INFO - ⏳ Enfriando GPU (5 segundos)...
2026-05-16 19:02:05,307 - Interactive_Train - INFO - 
############################################################
2026-05-16 19:02:05,307 - Interactive_Train - INFO - INICIANDO ESCENARIO 8/13: N4_H_pH_0
2026-05-16 19:02:05,307 - Interactive_Train - INFO - ############################################################
2026-05-16 19:02:05,307 - Interactive_Train - INFO -     Limpiando VRAM de GPU...
2026-05-16 19:02:05,457 - Interactive_Train - INFO -    VRAM Libre: 4.87 GB
2026-05-16 19:02:05,458 - Interactive_Train - INFO - Cargando C:\Users\User\Documents\JUPYTER_LOCAL\IMAGENES_ENTRENAMIENTO\DETECCION\TESIS_DIC_2025\DCAI_UAV_GITHUB\runs\train\N1_YOLO11n\weights\best.pt...
2026-05-16 19:02:33,850 - Interactive_Train - INFO -  Entrenamiento de N4_H_pH_0 finalizado.
2026-05-16 19:02:33,850 - Interactive_Train - INFO - Evaluando en conjunto de TEST...
2026-05-16 19:02:38,805 - Interactive_Train - INFO - Test mAP50-95: 0.1006
2026-05-16 19:02:38,805 - Interactive_Train - INFO -     Limpiando VRAM de GPU...
2026-05-16 19:02:39,073 - Interactive_Train - INFO -    VRAM Libre: 4.82 GB
2026-05-16 19:02:39,073 - Interactive_Train - INFO - ⏳ Enfriando GPU (5 segundos)...
2026-05-16 19:02:44,074 - Interactive_Train - INFO - 
############################################################
2026-05-16 19:02:44,074 - Interactive_Train - INFO - INICIANDO ESCENARIO 9/13: N5_H_JR_0
2026-05-16 19:02:44,074 - Interactive_Train - INFO - ############################################################
2026-05-16 19:02:44,075 - Interactive_Train - INFO -     Limpiando VRAM de GPU...
2026-05-16 19:02:44,230 - Interactive_Train - INFO -    VRAM Libre: 4.87 GB
2026-05-16 19:02:44,232 - Interactive_Train - INFO - Cargando C:\Users\User\Documents\JUPYTER_LOCAL\IMAGENES_ENTRENAMIENTO\DETECCION\TESIS_DIC_2025\DCAI_UAV_GITHUB\runs\train\N1_YOLO11n\weights\best.pt...
2026-05-16 19:03:12,682 - Interactive_Train - INFO -  Entrenamiento de N5_H_JR_0 finalizado.
2026-05-16 19:03:12,682 - Interactive_Train - INFO - Evaluando en conjunto de TEST...
2026-05-16 19:03:17,879 - Interactive_Train - INFO - Test mAP50-95: 0.1006
2026-05-16 19:03:17,879 - Interactive_Train - INFO -     Limpiando VRAM de GPU...
2026-05-16 19:03:18,172 - Interactive_Train - INFO -    VRAM Libre: 4.82 GB
2026-05-16 19:03:18,172 - Interactive_Train - INFO - ⏳ Enfriando GPU (5 segundos)...
2026-05-16 19:03:23,174 - Interactive_Train - INFO - 
############################################################
2026-05-16 19:03:23,174 - Interactive_Train - INFO - INICIANDO ESCENARIO 10/13: N6_H_pH_JR_0
2026-05-16 19:03:23,174 - Interactive_Train - INFO - ############################################################
2026-05-16 19:03:23,174 - Interactive_Train - INFO -     Limpiando VRAM de GPU...
2026-05-16 19:03:23,309 - Interactive_Train - INFO -    VRAM Libre: 4.87 GB
2026-05-16 19:03:23,312 - Interactive_Train - INFO - Cargando C:\Users\User\Documents\JUPYTER_LOCAL\IMAGENES_ENTRENAMIENTO\DETECCION\TESIS_DIC_2025\DCAI_UAV_GITHUB\runs\train\N1_YOLO11n\weights\best.pt...
2026-05-16 19:03:52,310 - Interactive_Train - INFO -  Entrenamiento de N6_H_pH_JR_0 finalizado.
2026-05-16 19:03:52,311 - Interactive_Train - INFO - Evaluando en conjunto de TEST...
2026-05-16 19:03:57,524 - Interactive_Train - INFO - Test mAP50-95: 0.1006
2026-05-16 19:03:57,524 - Interactive_Train - INFO -     Limpiando VRAM de GPU...
2026-05-16 19:03:57,824 - Interactive_Train - INFO -    VRAM Libre: 4.82 GB
2026-05-16 19:03:57,825 - Interactive_Train - INFO - ⏳ Enfriando GPU (5 segundos)...
2026-05-16 19:04:02,826 - Interactive_Train - INFO - 
############################################################
2026-05-16 19:04:02,826 - Interactive_Train - INFO - INICIANDO ESCENARIO 11/13: N7_H_pH_JS_0
2026-05-16 19:04:02,826 - Interactive_Train - INFO - ############################################################
2026-05-16 19:04:02,826 - Interactive_Train - INFO -     Limpiando VRAM de GPU...
2026-05-16 19:04:02,965 - Interactive_Train - INFO -    VRAM Libre: 4.87 GB
2026-05-16 19:04:02,967 - Interactive_Train - INFO - Cargando C:\Users\User\Documents\JUPYTER_LOCAL\IMAGENES_ENTRENAMIENTO\DETECCION\TESIS_DIC_2025\DCAI_UAV_GITHUB\runs\train\N1_YOLO11n\weights\best.pt...
2026-05-16 19:04:31,630 - Interactive_Train - INFO -  Entrenamiento de N7_H_pH_JS_0 finalizado.
2026-05-16 19:04:31,632 - Interactive_Train - INFO - Evaluando en conjunto de TEST...
2026-05-16 19:04:36,737 - Interactive_Train - INFO - Test mAP50-95: 0.1006
2026-05-16 19:04:36,737 - Interactive_Train - INFO -     Limpiando VRAM de GPU...
2026-05-16 19:04:37,011 - Interactive_Train - INFO -    VRAM Libre: 4.82 GB
2026-05-16 19:04:37,012 - Interactive_Train - INFO - ⏳ Enfriando GPU (5 segundos)...
2026-05-16 19:04:42,013 - Interactive_Train - INFO - 
############################################################
2026-05-16 19:04:42,013 - Interactive_Train - INFO - INICIANDO ESCENARIO 12/13: N8_H_pH_JR_15
2026-05-16 19:04:42,013 - Interactive_Train - INFO - ############################################################
2026-05-16 19:04:42,013 - Interactive_Train - INFO -     Limpiando VRAM de GPU...
2026-05-16 19:04:42,185 - Interactive_Train - INFO -    VRAM Libre: 4.87 GB
2026-05-16 19:04:42,187 - Interactive_Train - INFO - Cargando C:\Users\User\Documents\JUPYTER_LOCAL\IMAGENES_ENTRENAMIENTO\DETECCION\TESIS_DIC_2025\DCAI_UAV_GITHUB\runs\train\N1_YOLO11n\weights\best.pt...
2026-05-16 19:05:12,897 - Interactive_Train - INFO -  Entrenamiento de N8_H_pH_JR_15 finalizado.
2026-05-16 19:05:12,897 - Interactive_Train - INFO - Evaluando en conjunto de TEST...
2026-05-16 19:05:18,154 - Interactive_Train - INFO - Test mAP50-95: 0.0891
2026-05-16 19:05:18,154 - Interactive_Train - INFO -     Limpiando VRAM de GPU...
2026-05-16 19:05:18,470 - Interactive_Train - INFO -    VRAM Libre: 4.84 GB
2026-05-16 19:05:18,470 - Interactive_Train - INFO - ⏳ Enfriando GPU (5 segundos)...
2026-05-16 19:05:23,471 - Interactive_Train - INFO - 
############################################################
2026-05-16 19:05:23,471 - Interactive_Train - INFO - INICIANDO ESCENARIO 13/13: N9_H_pH_JR_40
2026-05-16 19:05:23,471 - Interactive_Train - INFO - ############################################################
2026-05-16 19:05:23,471 - Interactive_Train - INFO -     Limpiando VRAM de GPU...
2026-05-16 19:05:23,631 - Interactive_Train - INFO -    VRAM Libre: 4.87 GB
2026-05-16 19:05:23,633 - Interactive_Train - INFO - Cargando C:\Users\User\Documents\JUPYTER_LOCAL\IMAGENES_ENTRENAMIENTO\DETECCION\TESIS_DIC_2025\DCAI_UAV_GITHUB\runs\train\N1_YOLO11n\weights\best.pt...
2026-05-16 19:05:55,424 - Interactive_Train - INFO -  Entrenamiento de N9_H_pH_JR_40 finalizado.
2026-05-16 19:05:55,424 - Interactive_Train - INFO - Evaluando en conjunto de TEST...
2026-05-16 19:06:01,049 - Interactive_Train - INFO - Test mAP50-95: 0.1006
2026-05-16 19:06:01,050 - Interactive_Train - INFO -     Limpiando VRAM de GPU...
2026-05-16 19:06:01,344 - Interactive_Train - INFO -    VRAM Libre: 4.82 GB
2026-05-16 19:06:01,344 - Interactive_Train - INFO - ⏳ Enfriando GPU (5 segundos)...
2026-05-16 19:06:06,346 - Interactive_Train - INFO - 
============================================================
2026-05-16 19:06:06,346 - Interactive_Train - INFO -  SECUENCIA COMPLETADA. Tiempo total: 0.15 horas
2026-05-16 19:06:06,346 - Interactive_Train - INFO - Resultados guardados en: C:\Users\User\Documents\JUPYTER_LOCAL\IMAGENES_ENTRENAMIENTO\DETECCION\TESIS_DIC_2025\DCAI_UAV_GITHUB/runs/train
2026-05-16 19:06:06,346 - Interactive_Train - INFO - ============================================================
