2026-05-16 19:34:12,785 - Seed_Confirm_Train - INFO - 
############################################################
2026-05-16 19:34:12,785 - Seed_Confirm_Train - INFO - INICIANDO ESCENARIO: B_Raw_0
2026-05-16 19:34:12,785 - Seed_Confirm_Train - INFO - ############################################################
2026-05-16 19:34:12,787 - Seed_Confirm_Train - INFO -    Limpiando VRAM de GPU...
2026-05-16 19:34:12,912 - Seed_Confirm_Train - INFO -    VRAM libre: 5.00 GB
2026-05-16 19:34:13,005 - Seed_Confirm_Train - INFO - Cargando C:\Users\User\Documents\JUPYTER_LOCAL\IMAGENES_ENTRENAMIENTO\DETECCION\TESIS_DIC_2025\DCAI_UAV_GITHUB\runs\train\N1_YOLO11n\weights\best.pt para seed=7...
2026-05-16 19:34:51,388 - Seed_Confirm_Train - INFO - Entrenamiento finalizado: B_Raw_0_yolo11n_e1_seed7
2026-05-16 19:34:56,778 - Seed_Confirm_Train - INFO - Test mAP50-95: 0.2504
2026-05-16 19:34:56,780 - Seed_Confirm_Train - INFO -    Limpiando VRAM de GPU...
2026-05-16 19:34:57,019 - Seed_Confirm_Train - INFO -    VRAM libre: 4.80 GB
2026-05-16 19:34:57,019 - Seed_Confirm_Train - INFO - Enfriando GPU (5 segundos)...
2026-05-16 19:35:02,021 - Seed_Confirm_Train - INFO -    Limpiando VRAM de GPU...
2026-05-16 19:35:02,147 - Seed_Confirm_Train - INFO -    VRAM libre: 4.87 GB
2026-05-16 19:35:02,172 - Seed_Confirm_Train - INFO - Cargando C:\Users\User\Documents\JUPYTER_LOCAL\IMAGENES_ENTRENAMIENTO\DETECCION\TESIS_DIC_2025\DCAI_UAV_GITHUB\runs\train\N1_YOLO11n\weights\best.pt para seed=42...
2026-05-16 19:35:30,547 - Seed_Confirm_Train - INFO - Entrenamiento finalizado: B_Raw_0_yolo11n_e1_seed42
2026-05-16 19:35:35,221 - Seed_Confirm_Train - INFO - Test mAP50-95: 0.3582
2026-05-16 19:35:35,223 - Seed_Confirm_Train - INFO -    Limpiando VRAM de GPU...
2026-05-16 19:35:35,453 - Seed_Confirm_Train - INFO -    VRAM libre: 4.82 GB
2026-05-16 19:35:35,453 - Seed_Confirm_Train - INFO - Enfriando GPU (5 segundos)...
2026-05-16 19:35:40,455 - Seed_Confirm_Train - INFO - 
############################################################
2026-05-16 19:35:40,455 - Seed_Confirm_Train - INFO - INICIANDO ESCENARIO: P_Raw_0
2026-05-16 19:35:40,455 - Seed_Confirm_Train - INFO - ############################################################
2026-05-16 19:35:40,456 - Seed_Confirm_Train - INFO -    Limpiando VRAM de GPU...
2026-05-16 19:35:40,578 - Seed_Confirm_Train - INFO -    VRAM libre: 4.87 GB
2026-05-16 19:35:40,580 - Seed_Confirm_Train - INFO - Cargando C:\Users\User\Documents\JUPYTER_LOCAL\IMAGENES_ENTRENAMIENTO\DETECCION\TESIS_DIC_2025\DCAI_UAV_GITHUB\runs\train\N1_YOLO11n\weights\best.pt para seed=7...
2026-05-16 19:36:09,323 - Seed_Confirm_Train - INFO - Entrenamiento finalizado: P_Raw_0_yolo11n_e1_seed7
2026-05-16 19:36:14,336 - Seed_Confirm_Train - INFO - Test mAP50-95: 0.0179
2026-05-16 19:36:14,338 - Seed_Confirm_Train - INFO -    Limpiando VRAM de GPU...
2026-05-16 19:36:14,594 - Seed_Confirm_Train - INFO -    VRAM libre: 4.81 GB
2026-05-16 19:36:14,594 - Seed_Confirm_Train - INFO - Enfriando GPU (5 segundos)...
2026-05-16 19:36:19,596 - Seed_Confirm_Train - INFO -    Limpiando VRAM de GPU...
2026-05-16 19:36:19,720 - Seed_Confirm_Train - INFO -    VRAM libre: 4.87 GB
2026-05-16 19:36:19,722 - Seed_Confirm_Train - INFO - Cargando C:\Users\User\Documents\JUPYTER_LOCAL\IMAGENES_ENTRENAMIENTO\DETECCION\TESIS_DIC_2025\DCAI_UAV_GITHUB\runs\train\N1_YOLO11n\weights\best.pt para seed=42...
2026-05-16 19:36:47,964 - Seed_Confirm_Train - INFO - Entrenamiento finalizado: P_Raw_0_yolo11n_e1_seed42
2026-05-16 19:36:52,867 - Seed_Confirm_Train - INFO - Test mAP50-95: 0.0105
2026-05-16 19:36:52,868 - Seed_Confirm_Train - INFO -    Limpiando VRAM de GPU...
2026-05-16 19:36:53,110 - Seed_Confirm_Train - INFO -    VRAM libre: 4.81 GB
2026-05-16 19:36:53,110 - Seed_Confirm_Train - INFO - Enfriando GPU (5 segundos)...
2026-05-16 19:36:58,112 - Seed_Confirm_Train - INFO - 
############################################################
2026-05-16 19:36:58,112 - Seed_Confirm_Train - INFO - INICIANDO ESCENARIO: H_JR_0
2026-05-16 19:36:58,112 - Seed_Confirm_Train - INFO - ############################################################
2026-05-16 19:36:58,120 - Seed_Confirm_Train - INFO -    Limpiando VRAM de GPU...
2026-05-16 19:36:58,246 - Seed_Confirm_Train - INFO -    VRAM libre: 4.87 GB
2026-05-16 19:36:58,248 - Seed_Confirm_Train - INFO - Cargando C:\Users\User\Documents\JUPYTER_LOCAL\IMAGENES_ENTRENAMIENTO\DETECCION\TESIS_DIC_2025\DCAI_UAV_GITHUB\runs\train\N1_YOLO11n\weights\best.pt para seed=7...
2026-05-16 19:37:27,457 - Seed_Confirm_Train - INFO - Entrenamiento finalizado: H_JR_0_yolo11n_e1_seed7
2026-05-16 19:37:32,211 - Seed_Confirm_Train - INFO - Test mAP50-95: 0.0993
2026-05-16 19:37:32,212 - Seed_Confirm_Train - INFO -    Limpiando VRAM de GPU...
2026-05-16 19:37:32,478 - Seed_Confirm_Train - INFO -    VRAM libre: 4.81 GB
2026-05-16 19:37:32,478 - Seed_Confirm_Train - INFO - Enfriando GPU (5 segundos)...
2026-05-16 19:37:37,480 - Seed_Confirm_Train - INFO -    Limpiando VRAM de GPU...
2026-05-16 19:37:37,599 - Seed_Confirm_Train - INFO -    VRAM libre: 4.87 GB
2026-05-16 19:37:37,601 - Seed_Confirm_Train - INFO - Cargando C:\Users\User\Documents\JUPYTER_LOCAL\IMAGENES_ENTRENAMIENTO\DETECCION\TESIS_DIC_2025\DCAI_UAV_GITHUB\runs\train\N1_YOLO11n\weights\best.pt para seed=42...
2026-05-16 19:38:06,173 - Seed_Confirm_Train - INFO - Entrenamiento finalizado: H_JR_0_yolo11n_e1_seed42
2026-05-16 19:38:11,453 - Seed_Confirm_Train - INFO - Test mAP50-95: 0.0562
2026-05-16 19:38:11,454 - Seed_Confirm_Train - INFO -    Limpiando VRAM de GPU...
2026-05-16 19:38:11,706 - Seed_Confirm_Train - INFO -    VRAM libre: 4.81 GB
2026-05-16 19:38:11,706 - Seed_Confirm_Train - INFO - Enfriando GPU (5 segundos)...
2026-05-16 19:38:16,708 - Seed_Confirm_Train - INFO - 
############################################################
2026-05-16 19:38:16,708 - Seed_Confirm_Train - INFO - INICIANDO ESCENARIO: H_pH_JS_0
2026-05-16 19:38:16,708 - Seed_Confirm_Train - INFO - ############################################################
2026-05-16 19:38:16,710 - Seed_Confirm_Train - INFO -    Limpiando VRAM de GPU...
2026-05-16 19:38:16,839 - Seed_Confirm_Train - INFO -    VRAM libre: 4.87 GB
2026-05-16 19:38:16,840 - Seed_Confirm_Train - INFO - Cargando C:\Users\User\Documents\JUPYTER_LOCAL\IMAGENES_ENTRENAMIENTO\DETECCION\TESIS_DIC_2025\DCAI_UAV_GITHUB\runs\train\N1_YOLO11n\weights\best.pt para seed=7...
2026-05-16 19:38:45,779 - Seed_Confirm_Train - INFO - Entrenamiento finalizado: H_pH_JS_0_yolo11n_e1_seed7
2026-05-16 19:38:50,406 - Seed_Confirm_Train - INFO - Test mAP50-95: 0.0993
2026-05-16 19:38:50,406 - Seed_Confirm_Train - INFO -    Limpiando VRAM de GPU...
2026-05-16 19:38:50,668 - Seed_Confirm_Train - INFO -    VRAM libre: 4.81 GB
2026-05-16 19:38:50,668 - Seed_Confirm_Train - INFO - Enfriando GPU (5 segundos)...
2026-05-16 19:38:55,669 - Seed_Confirm_Train - INFO -    Limpiando VRAM de GPU...
2026-05-16 19:38:55,805 - Seed_Confirm_Train - INFO -    VRAM libre: 4.87 GB
2026-05-16 19:38:55,807 - Seed_Confirm_Train - INFO - Cargando C:\Users\User\Documents\JUPYTER_LOCAL\IMAGENES_ENTRENAMIENTO\DETECCION\TESIS_DIC_2025\DCAI_UAV_GITHUB\runs\train\N1_YOLO11n\weights\best.pt para seed=42...
2026-05-16 19:39:24,657 - Seed_Confirm_Train - INFO - Entrenamiento finalizado: H_pH_JS_0_yolo11n_e1_seed42
2026-05-16 19:39:29,759 - Seed_Confirm_Train - INFO - Test mAP50-95: 0.0562
2026-05-16 19:39:29,759 - Seed_Confirm_Train - INFO -    Limpiando VRAM de GPU...
2026-05-16 19:39:30,011 - Seed_Confirm_Train - INFO -    VRAM libre: 4.81 GB
2026-05-16 19:39:30,011 - Seed_Confirm_Train - INFO - Enfriando GPU (5 segundos)...
2026-05-16 19:39:35,013 - Seed_Confirm_Train - INFO - 
############################################################
2026-05-16 19:39:35,013 - Seed_Confirm_Train - INFO - INICIANDO ESCENARIO: H_pH_JR_15
2026-05-16 19:39:35,014 - Seed_Confirm_Train - INFO - ############################################################
2026-05-16 19:39:35,019 - Seed_Confirm_Train - INFO -    Limpiando VRAM de GPU...
2026-05-16 19:39:35,147 - Seed_Confirm_Train - INFO -    VRAM libre: 4.87 GB
2026-05-16 19:39:35,147 - Seed_Confirm_Train - INFO - Cargando C:\Users\User\Documents\JUPYTER_LOCAL\IMAGENES_ENTRENAMIENTO\DETECCION\TESIS_DIC_2025\DCAI_UAV_GITHUB\runs\train\N1_YOLO11n\weights\best.pt para seed=7...
2026-05-16 19:40:04,600 - Seed_Confirm_Train - INFO - Entrenamiento finalizado: H_pH_JR_15_yolo11n_e1_seed7
2026-05-16 19:40:09,271 - Seed_Confirm_Train - INFO - Test mAP50-95: 0.0997
2026-05-16 19:40:09,272 - Seed_Confirm_Train - INFO -    Limpiando VRAM de GPU...
2026-05-16 19:40:09,528 - Seed_Confirm_Train - INFO -    VRAM libre: 4.83 GB
2026-05-16 19:40:09,528 - Seed_Confirm_Train - INFO - Enfriando GPU (5 segundos)...
2026-05-16 19:40:14,529 - Seed_Confirm_Train - INFO -    Limpiando VRAM de GPU...
2026-05-16 19:40:14,654 - Seed_Confirm_Train - INFO -    VRAM libre: 4.87 GB
2026-05-16 19:40:14,656 - Seed_Confirm_Train - INFO - Cargando C:\Users\User\Documents\JUPYTER_LOCAL\IMAGENES_ENTRENAMIENTO\DETECCION\TESIS_DIC_2025\DCAI_UAV_GITHUB\runs\train\N1_YOLO11n\weights\best.pt para seed=42...
2026-05-16 19:40:42,985 - Seed_Confirm_Train - INFO - Entrenamiento finalizado: H_pH_JR_15_yolo11n_e1_seed42
2026-05-16 19:40:48,165 - Seed_Confirm_Train - INFO - Test mAP50-95: 0.0590
2026-05-16 19:40:48,166 - Seed_Confirm_Train - INFO -    Limpiando VRAM de GPU...
2026-05-16 19:40:48,423 - Seed_Confirm_Train - INFO -    VRAM libre: 4.78 GB
2026-05-16 19:40:48,425 - Seed_Confirm_Train - INFO - Enfriando GPU (5 segundos)...
2026-05-16 19:40:53,426 - Seed_Confirm_Train - INFO - 
############################################################
2026-05-16 19:40:53,426 - Seed_Confirm_Train - INFO - INICIANDO ESCENARIO: H_pH_JR_40
2026-05-16 19:40:53,426 - Seed_Confirm_Train - INFO - ############################################################
2026-05-16 19:40:53,429 - Seed_Confirm_Train - INFO -    Limpiando VRAM de GPU...
2026-05-16 19:40:53,559 - Seed_Confirm_Train - INFO -    VRAM libre: 4.87 GB
2026-05-16 19:40:53,560 - Seed_Confirm_Train - INFO - Cargando C:\Users\User\Documents\JUPYTER_LOCAL\IMAGENES_ENTRENAMIENTO\DETECCION\TESIS_DIC_2025\DCAI_UAV_GITHUB\runs\train\N1_YOLO11n\weights\best.pt para seed=7...
2026-05-16 19:41:22,824 - Seed_Confirm_Train - INFO - Entrenamiento finalizado: H_pH_JR_40_yolo11n_e1_seed7
2026-05-16 19:41:27,536 - Seed_Confirm_Train - INFO - Test mAP50-95: 0.0995
2026-05-16 19:41:27,538 - Seed_Confirm_Train - INFO -    Limpiando VRAM de GPU...
2026-05-16 19:41:27,784 - Seed_Confirm_Train - INFO -    VRAM libre: 4.81 GB
2026-05-16 19:41:27,784 - Seed_Confirm_Train - INFO - Enfriando GPU (5 segundos)...
2026-05-16 19:41:32,785 - Seed_Confirm_Train - INFO -    Limpiando VRAM de GPU...
2026-05-16 19:41:32,917 - Seed_Confirm_Train - INFO -    VRAM libre: 4.87 GB
2026-05-16 19:41:32,919 - Seed_Confirm_Train - INFO - Cargando C:\Users\User\Documents\JUPYTER_LOCAL\IMAGENES_ENTRENAMIENTO\DETECCION\TESIS_DIC_2025\DCAI_UAV_GITHUB\runs\train\N1_YOLO11n\weights\best.pt para seed=42...
2026-05-16 19:42:02,392 - Seed_Confirm_Train - INFO - Entrenamiento finalizado: H_pH_JR_40_yolo11n_e1_seed42
2026-05-16 19:42:07,326 - Seed_Confirm_Train - INFO - Test mAP50-95: 0.0317
2026-05-16 19:42:07,328 - Seed_Confirm_Train - INFO -    Limpiando VRAM de GPU...
2026-05-16 19:42:07,581 - Seed_Confirm_Train - INFO -    VRAM libre: 4.81 GB
2026-05-16 19:42:07,583 - Seed_Confirm_Train - INFO - Enfriando GPU (5 segundos)...
2026-05-16 19:42:12,583 - Seed_Confirm_Train - INFO - 
############################################################
2026-05-16 19:42:12,583 - Seed_Confirm_Train - INFO - INICIANDO ESCENARIO: H_pH_JS_40
2026-05-16 19:42:12,583 - Seed_Confirm_Train - INFO - ############################################################
2026-05-16 19:42:12,585 - Seed_Confirm_Train - INFO -    Limpiando VRAM de GPU...
2026-05-16 19:42:12,713 - Seed_Confirm_Train - INFO -    VRAM libre: 4.87 GB
2026-05-16 19:42:12,715 - Seed_Confirm_Train - INFO - Cargando C:\Users\User\Documents\JUPYTER_LOCAL\IMAGENES_ENTRENAMIENTO\DETECCION\TESIS_DIC_2025\DCAI_UAV_GITHUB\runs\train\N1_YOLO11n\weights\best.pt para seed=7...
2026-05-16 19:42:41,193 - Seed_Confirm_Train - INFO - Entrenamiento finalizado: H_pH_JS_40_yolo11n_e1_seed7
2026-05-16 19:42:45,829 - Seed_Confirm_Train - INFO - Test mAP50-95: 0.0995
2026-05-16 19:42:45,831 - Seed_Confirm_Train - INFO -    Limpiando VRAM de GPU...
2026-05-16 19:42:46,091 - Seed_Confirm_Train - INFO -    VRAM libre: 4.81 GB
2026-05-16 19:42:46,092 - Seed_Confirm_Train - INFO - Enfriando GPU (5 segundos)...
2026-05-16 19:42:51,092 - Seed_Confirm_Train - INFO -    Limpiando VRAM de GPU...
2026-05-16 19:42:51,246 - Seed_Confirm_Train - INFO -    VRAM libre: 4.87 GB
2026-05-16 19:42:51,248 - Seed_Confirm_Train - INFO - Cargando C:\Users\User\Documents\JUPYTER_LOCAL\IMAGENES_ENTRENAMIENTO\DETECCION\TESIS_DIC_2025\DCAI_UAV_GITHUB\runs\train\N1_YOLO11n\weights\best.pt para seed=42...
2026-05-16 19:43:19,829 - Seed_Confirm_Train - INFO - Entrenamiento finalizado: H_pH_JS_40_yolo11n_e1_seed42
2026-05-16 19:43:24,449 - Seed_Confirm_Train - INFO - Test mAP50-95: 0.0317
2026-05-16 19:43:24,451 - Seed_Confirm_Train - INFO -    Limpiando VRAM de GPU...
2026-05-16 19:43:24,742 - Seed_Confirm_Train - INFO -    VRAM libre: 4.81 GB
2026-05-16 19:43:24,743 - Seed_Confirm_Train - INFO - Enfriando GPU (5 segundos)...
2026-05-16 19:43:29,744 - Seed_Confirm_Train - INFO - 
============================================================
2026-05-16 19:43:29,744 - Seed_Confirm_Train - INFO - SECUENCIA SEED-CONFIRM COMPLETADA
2026-05-16 19:43:29,744 - Seed_Confirm_Train - INFO - OK: 14 | SKIP: 0 | ERROR: 0
2026-05-16 19:43:29,745 - Seed_Confirm_Train - INFO - Tiempo total: 0.15 horas
2026-05-16 19:43:29,745 - Seed_Confirm_Train - INFO - Runs: C:\Users\User\Documents\JUPYTER_LOCAL\IMAGENES_ENTRENAMIENTO\DETECCION\TESIS_DIC_2025\DCAI_UAV_GITHUB\runs\train
2026-05-16 19:43:29,745 - Seed_Confirm_Train - INFO - CSV: C:\Users\User\Documents\JUPYTER_LOCAL\IMAGENES_ENTRENAMIENTO\DETECCION\TESIS_DIC_2025\DCAI_UAV_GITHUB\runs\train\seed_confirm_results.csv
2026-05-16 19:43:29,745 - Seed_Confirm_Train - INFO - ============================================================
